exports[`test NoRows renders correctly 1`] = `
<div
  className="alert alert-warning text-center">
  No items to show
</div>
`;
