exports[`test HeaderLink renders correctly 1`] = `
<li
  className="active">
  <a
    href="/foo"
    onClick={[Function anonymous]}>
    Foo
  </a>
</li>
`;
